<!DOCTYPE KEYBMAP><KEYBMAP version="1.0">
<model></model>
<Keyboard>
    <KEY description="Module 1" height="145" left="26" masterscancode="0x00" modifier="" scancode="0x240" top="26" width="80"/>
    <KEY description="Module 2" height="145" left="112" masterscancode="0x00" modifier="" scancode="0x241" top="26" width="80"/>
    <KEY description="Module 3" height="145" left="191" masterscancode="0x00" modifier="" scancode="0x242" top="26" width="80"/>
    <KEY description="Module 4" height="145" left="272" masterscancode="0x00" modifier="" scancode="0x243" top="26" width="80"/>
    <KEY description="Module 5" height="145" left="26" masterscancode="0x00" modifier="" scancode="0x244" top="173" width="80"/>
    <KEY description="Module 6" height="145" left="105" masterscancode="0x00" modifier="" scancode="0x245" top="173" width="80"/>
    <KEY description="Module 7" height="145" left="191" masterscancode="0x00" modifier="" scancode="0x246" top="173" width="80"/>
    <KEY description="Module 8" height="145" left="272" masterscancode="0x00" modifier="" scancode="0x247" top="173" width="80"/>
</Keyboard>
</KEYBMAP>
